(node:32156) ExperimentalWarning: SQLite is an experimental feature and might change at any time
(Use `node --trace-warnings ...` to show where the warning was created)
生成 28件 / 失敗 0件
  田中 広輔    2017 弾— ミD60 パD56 走— 肩— 守— 捕—  信頼度B
  菊池 涼介    2016 弾— ミC64 パC64 走— 肩— 守— 捕—  信頼度B
  丸 佳浩     2018 弾— ミC64 パA85 走— 肩E45 守— 捕—  信頼度B
  鈴木 誠也    2019 弾— ミB73 パA80 走C68 肩A88 守— 捕—  信頼度B
  新井 貴浩    2016 弾— ミC61 パB73 走— 肩— 守— 捕—  信頼度B
  松山 竜平    2017 弾— ミC67 パB70 走— 肩E49 守— 捕—  信頼度B
  Ｂ．エルドレッド 2016 弾— ミD55 パA87 走— 肩D51 守— 捕—  信頼度B
  安部 友裕    2017 弾— ミC62 パD51 走— 肩— 守— 捕—  信頼度B
  會澤 翼     2018 弾— ミC61 パC68 走— 肩E48 守— 捕—  信頼度B
  石原 慶幸    2015 弾— ミF36 パE47 走— 肩F36 守— 捕—  信頼度C
  西川 龍馬    2020 弾1 ミC66 パC62 走E46 肩D52 守D52 捕D51  信頼度C
  野間 峻祥    2019 弾— ミD52 パF38 走— 肩D56 守— 捕—  信頼度B
  Ｘ．バティスタ  2019 弾— ミE49 パA85 走— 肩— 守— 捕—  信頼度B
  小林 誠司    2015 弾— ミF33 パE47 走— 肩D54 守— 捕—  信頼度C
  大野 奨太    2013 弾— ミF35 パC60 走— 肩D55 守— 捕—  信頼度C
  炭谷 銀仁朗   2017 弾— ミE41 パD54 走— 肩D54 守— 捕—  信頼度B
  松田 宣浩    2011 弾— ミC61 パA85 走— 肩— 守— 捕—  信頼度B
  菊池 涼介    2016 弾— ミC64 パC64 走— 肩— 守— 捕—  信頼度B
  坂本 勇人    2016 弾— ミB70 パB77 走— 肩— 守— 捕—  信頼度B
  中田 翔     2013 弾— ミD59 パA85 走— 肩C65 守— 捕—  信頼度B
  山田 哲人    2015 弾— ミC69 パA86 走— 肩— 守— 捕—  信頼度B
  田中 広輔    2017 弾— ミD60 パD56 走— 肩— 守— 捕—  信頼度B
  内川 聖一    2008 弾— ミB78 パC66 走— 肩E47 守— 捕—  信頼度B
  青木 宣親    2010 弾— ミB74 パC63 走— 肩D54 守— 捕—  信頼度B
  平田 良介    2018 弾— ミC65 パC61 走— 肩D57 守— 捕—  信頼度B
  筒香 嘉智    2016 弾— ミC67 パA88 走— 肩D53 守— 捕—  信頼度B
  秋山 翔吾    2017 弾— ミC70 パB72 走— 肩D58 守— 捕—  信頼度B
  鈴木 誠也    2021 弾4 ミB70 パA86 走C68 肩A88 守D57 捕D52  信頼度B

→ outputs\cards_batch_all_peak.md
