  sprint_speed 2015: 550人
  sprint_speed 2016: 551人
  sprint_speed 2017: 548人
  sprint_speed 2018: 550人
  sprint_speed 2019: 570人
  sprint_speed 2020: 461人
  sprint_speed 2021: 560人
  sprint_speed 2022: 586人
  sprint_speed 2023: 583人
  sprint_speed 2024: 566人
  sprint_speed 2025: 579人
  arm_of 2020: 241人
  arm_of 2021: 404人
  arm_of 2022: 414人
  arm_of 2023: 399人
  arm_of 2024: 388人
  arm_of 2025: 395人
  arm_if 2020: 241人
  arm_if 2021: 404人
  arm_if 2022: 414人
  arm_if 2023: 399人
  arm_if 2024: 388人
  arm_if 2025: 395人
  poptime 2015: 73人
  poptime 2016: 79人
  poptime 2017: 72人
  poptime 2018: 85人
  poptime 2019: 78人
  poptime 2020: 57人
  poptime 2021: 82人
  poptime 2022: 84人
  poptime 2023: 81人
  poptime 2024: 83人
  poptime 2025: 84人
{
  "years": [
    2015,
    2025
  ],
  "fetched": 34,
  "cached": 0,
  "failed": 0,
  "elapsed_sec": 81,
  "errors": []
}
