
=== mlb21 ===
  全125ページ / 25件ずつ
  20/125ページ
  40/125ページ
  60/125ページ
  80/125ページ
  100/125ページ
  120/125ページ
  125/125ページ
  取得 125 / 既存 0

=== mlb23 ===
  全165ページ / 25件ずつ
    504 で待機 4.5秒（1/3回目）
    504 で待機 4.5秒（1/3回目）
    504 で待機 13.5秒（2/3回目）
    504 で待機 4.5秒（1/3回目）
  20/165ページ
    504 で待機 4.5秒（1/3回目）
    504 で待機 4.5秒（1/3回目）
  40/165ページ
  60/165ページ
    504 で待機 4.5秒（1/3回目）
    504 で待機 4.5秒（1/3回目）
    504 で待機 4.5秒（1/3回目）
    504 で待機 4.5秒（1/3回目）
  80/165ページ
    504 で待機 4.5秒（1/3回目）
    504 で待機 4.5秒（1/3回目）
    504 で待機 4.5秒（1/3回目）
    504 で待機 13.5秒（2/3回目）
    504 で待機 4.5秒（1/3回目）
    504 で待機 4.5秒（1/3回目）
    504 で待機 4.5秒（1/3回目）
  100/165ページ
    504 で待機 4.5秒（1/3回目）
    504 で待機 4.5秒（1/3回目）
    504 で待機 13.5秒（2/3回目）
    504 で待機 4.5秒（1/3回目）
  120/165ページ
  140/165ページ
  160/165ページ
  165/165ページ
  取得 165 / 既存 0

=== mlb24 ===
  全146ページ / 25件ずつ
  20/146ページ
  40/146ページ
  60/146ページ
  80/146ページ
  100/146ページ
  120/146ページ
  140/146ページ
  146/146ページ
  取得 146 / 既存 0

=== mlb25 ===
  全146ページ / 25件ずつ
  40/146ページ
  60/146ページ
  80/146ページ
  100/146ページ
  120/146ページ
  140/146ページ
  146/146ページ
  取得 116 / 既存 30

=== mlb26 ===
  全120ページ / 25件ずつ
  20/120ページ
  40/120ページ
  60/120ページ
  80/120ページ
  100/120ページ
  120/120ページ
  取得 120 / 既存 0

合計 取得 672 / 既存 30
