  ...2009年まで完了（50件取得 / 89秒）
  ...2014年まで完了（102件取得 / 177秒）
  ...2019年まで完了（158件取得 / 266秒）
  ...2024年まで完了（218件取得 / 356秒）
{
  "years": [
    2005,
    2025
  ],
  "fetched": 230,
  "cached": 0,
  "failed": 22,
  "elapsed_sec": 375,
  "errors": [
    "2005 DB: 選手行なし",
    "2005 B: 選手行なし",
    "2006 DB: 選手行なし",
    "2006 B: 選手行なし",
    "2007 DB: 選手行なし",
    "2007 B: 選手行なし",
    "2008 DB: 選手行なし",
    "2008 B: 選手行なし",
    "2009 DB: 選手行なし",
    "2009 B: 選手行なし",
    "2010 DB: 選手行なし",
    "2010 B: 選手行なし",
    "2011 DB: 選手行なし",
    "2011 H: HTTP 503",
    "2011 B: 選手行なし",
    "2012 B: 選手行なし",
    "2013 B: 選手行なし",
    "2014 B: 選手行なし",
    "2015 B: 選手行なし",
    "2016 B: 選手行なし"
  ]
}
