2006: 打者 493人
  ...100件取得 (160秒)
  ...200件取得 (299秒)
  ...300件取得 (442秒)
  ...400件取得 (584秒)
2007: 打者 500人
  ...500件取得 (748秒)
  ...600件取得 (901秒)
  ...700件取得 (1044秒)
  ...800件取得 (1198秒)
  ...900件取得 (1348秒)
2008: 打者 516人
  ...1000件取得 (1550秒)
  ...1100件取得 (1703秒)
  ...1200件取得 (1836秒)
  ...1300件取得 (1973秒)
  ...1400件取得 (2108秒)
  ...1500件取得 (2250秒)
2009: 打者 518人
  ...1600件取得 (2402秒)
  ...1700件取得 (2540秒)
  ...1800件取得 (2702秒)
  ...1900件取得 (2858秒)
  ...2000件取得 (2990秒)
2010: 打者 534人
  ...2100件取得 (3143秒)
  ...2200件取得 (3282秒)
  ...2300件取得 (3406秒)
  ...2400件取得 (3533秒)
  ...2500件取得 (3662秒)
2011: 打者 521人
  ...2600件取得 (3804秒)
  ...2700件取得 (3933秒)
  ...2800件取得 (4061秒)
  ...2900件取得 (4190秒)
  ...3000件取得 (4316秒)
2012: 打者 583人
  ...3100件取得 (4461秒)
  ...3200件取得 (4587秒)
  ...3300件取得 (4715秒)
  ...3400件取得 (4840秒)
  ...3500件取得 (4964秒)
  ...3600件取得 (5090秒)
2013: 打者 609人
  ...3700件取得 (5233秒)
  ...3800件取得 (5359秒)
  ...3900件取得 (5486秒)
  ...4000件取得 (5611秒)
  ...4100件取得 (5735秒)
  ...4200件取得 (5859秒)
2014: 打者 601人
  ...4300件取得 (6000秒)
  ...4400件取得 (6125秒)
  ...4500件取得 (6251秒)
  ...4600件取得 (6376秒)
  ...4700件取得 (6501秒)
  ...4800件取得 (6626秒)
2015: 打者 599人
  ...4900件取得 (6763秒)
  ...5000件取得 (6887秒)
  ...5100件取得 (7011秒)
  ...5200件取得 (7134秒)
  ...5300件取得 (7262秒)
  ...5400件取得 (7388秒)
2016: 打者 617人
  ...5500件取得 (7532秒)
  ...5600件取得 (7657秒)
  ...5700件取得 (7784秒)
  ...5800件取得 (7908秒)
  ...5900件取得 (8035秒)
  ...6000件取得 (8160秒)
2017: 打者 612人
  ...6100件取得 (8303秒)
  ...6200件取得 (8430秒)
  ...6300件取得 (8555秒)
  ...6400件取得 (8678秒)
  ...6500件取得 (8801秒)
  ...6600件取得 (8923秒)
  ...6700件取得 (9048秒)
2018: 打者 613人
  ...6800件取得 (9187秒)
  ...6900件取得 (9310秒)
  ...7000件取得 (9436秒)
  ...7100件取得 (9562秒)
  ...7200件取得 (9689秒)
  ...7300件取得 (9814秒)
2019: 打者 698人
  ...7400件取得 (9953秒)
  ...7500件取得 (10079秒)
  ...7600件取得 (10203秒)
  ...7700件取得 (10328秒)
  ...7800件取得 (10452秒)
  ...7900件取得 (10576秒)
  ...8000件取得 (10703秒)
2020: 打者 667人
  ...8100件取得 (10843秒)
  ...8200件取得 (10966秒)
  ...8300件取得 (11089秒)
  ...8400件取得 (11213秒)
  ...8500件取得 (11344秒)
  ...8600件取得 (11469秒)
2021: 打者 682人
  ...8700件取得 (11607秒)
  ...8800件取得 (11729秒)
  ...8900件取得 (11856秒)
  ...9000件取得 (11980秒)
  ...9100件取得 (12106秒)
  ...9200件取得 (12228秒)
  ...9300件取得 (12352秒)
2022: 打者 724人
{
  "years": [
    "2006",
    "2007",
    "2008",
    "2009",
    "2010",
    "2011",
    "2012",
    "2013",
    "2014",
    "2015",
    "2016",
    "2017",
    "2018",
    "2019",
    "2020",
    "2021",
    "2022"
  ],
  "fetched": 9363,
  "cached": 724,
  "failed": 0,
  "elapsed_sec": 12445,
  "errors": []
}
