2023: 打者 676人
  ...100件取得 (153秒)
  ...200件取得 (285秒)
  ...300件取得 (419秒)
  ...400件取得 (552秒)
  ...500件取得 (689秒)
  ...600件取得 (824秒)
2024: 打者 700人
  ...700件取得 (974秒)
  ...800件取得 (1112秒)
  ...900件取得 (1244秒)
  ...1000件取得 (1378秒)
  ...1100件取得 (1512秒)
  ...1200件取得 (1646秒)
  ...1300件取得 (1783秒)
2025: 打者 722人
  ...1400件取得 (1933秒)
  ...1500件取得 (2068秒)
  ...1600件取得 (2201秒)
  ...1700件取得 (2337秒)
  ...1800件取得 (2468秒)
  ...1900件取得 (2602秒)
  ...2000件取得 (2733秒)
{
  "years": [
    "2023",
    "2024",
    "2025"
  ],
  "fetched": 2098,
  "cached": 0,
  "failed": 0,
  "elapsed_sec": 2863,
  "errors": []
}
