(node:25124) ExperimentalWarning: SQLite is an experimental feature and might change at any time
(Use `node --trace-warnings ...` to show where the warning was created)
対象 142人（2024年・150打席以上）
  ...50/142
  ...100/142

パワプロ142人と突合（2024年・150打席以上）

能力      n    相関      自作(平均/幅)    パワプロ(平均/幅)   中心ずれ  幅比   誤差(前→後)
  弾道     142  +0.531   2.4/1.1       2.7/0.7            +0.3  x0.68  1.0→0.7
  ミート    142  +0.749   50.1/9.5      51.1/9.4           +1.0  x0.99  6.8→6.7
  パワー    142  +0.902   59.8/16.6     58.5/11.6          -1.3  x0.70  8.0→5.1
  走力     142  +0.824   50.3/9.3      64.2/14.8         +13.9  x1.60  16.5→8.8
  肩力     140  +0.246   50.9/3.9      65.9/11.5         +15.0  x2.92  18.7→14.1
  守備力    116  +0.368   50.1/3.8      57.2/11.2          +7.2  x2.98  12.6→12.6
  捕球     135  +0.316   50.2/1.9      53.9/12.0          +3.8  x6.28  12.1→14.0

判定:
  弾道: 順序は合っている（r=0.531）。中心と幅を合わせれば誤差 1.0→0.7
  ミート: 順序は合っている（r=0.749）。中心と幅を合わせれば誤差 6.8→6.7
  パワー: 順序は合っている（r=0.902）。中心と幅を合わせれば誤差 8.0→5.1
  走力: 順序は合っている（r=0.824）。中心と幅を合わせれば誤差 16.5→8.8
  肩力: **相関が低い（r=0.246）＝材料の問題**。目盛りを合わせても順序が違うので較正しない
  守備力: **相関が低い（r=0.368）＝材料の問題**。目盛りを合わせても順序が違うので較正しない
  捕球: **相関が低い（r=0.316）＝材料の問題**。目盛りを合わせても順序が違うので較正しない
